R-INTERNET#
R-INTERNET#terminal width 511
R-INTERNET#terminal length 0
R-INTERNET#
R-INTERNET#
R-INTERNET#
R-INTERNET#show version
Cisco IOS Software, 7200 Software (C7200-ADVIPSERVICESK9-M), Version 15.2(4)S5, RELEASE SOFTWARE (fc1)
Technical Support: http://www.cisco.com/techsupport
Copyright (c) 1986-2014 by Cisco Systems, Inc.
Compiled Thu 20-Feb-14 06:51 by prod_rel_team

ROM: ROMMON Emulation Microcode
BOOTLDR: 7200 Software (C7200-ADVIPSERVICESK9-M), Version 15.2(4)S5, RELEASE SOFTWARE (fc1)

R-INTERNET uptime is 2 hours, 19 minutes
System returned to ROM by unknown reload cause - suspect boot_data[BOOT_COUNT] 0x0, BOOT_COUNT 0, BOOTDATA 19
System image file is "tftp://255.255.255.255/unknown"
Last reload reason: unknown reload cause - suspect boot_data[BOOT_COUNT] 0x0, BOOT_COUNT 0, BOOTDATA 19



This product contains cryptographic features and is subject to United
States and local country laws governing import, export, transfer and
use. Delivery of Cisco cryptographic products does not imply
third-party authority to import, export, distribute or use encryption.
Importers, exporters, distributors and users are responsible for
compliance with U.S. and local country laws. By using this product you
agree to comply with applicable laws and regulations. If you are unable
to comply with U.S. and local laws, return this product immediately.

A summary of U.S. laws governing Cisco cryptographic products may be found at:
http://www.cisco.com/wwl/export/crypto/tool/stqrg.html

If you require further assistance please contact us by sending email to
export@cisco.com.

Cisco 7206VXR (NPE400) processor (revision A) with 491520K/32768K bytes of memory.
Processor board ID 4279256517
R7000 CPU at 150MHz, Implementation 39, Rev 2.1, 256KB L2 Cache
6 slot VXR midplane, Version 2.1

Last reset from power-on

PCI bus mb0_mb1 (Slots 0, 1, 3 and 5) has a capacity of 600 bandwidth points.
Current configuration on bus mb0_mb1 has a total of 600 bandwidth points. 
This configuration is within the PCI bus capacity and is supported. 

PCI bus mb2 (Slots 2, 4, 6) has a capacity of 600 bandwidth points.
Current configuration on bus mb2 has a total of 400 bandwidth points 
This configuration is within the PCI bus capacity and is supported. 

Please refer to the following document "Cisco 7200 Series Port Adaptor
Hardware Configuration Guidelines" on Cisco.com <http://www.cisco.com>
for c7200 bandwidth points oversubscription and usage guidelines.


1 FastEthernet interface
2 Gigabit Ethernet interfaces
509K bytes of NVRAM.

8192K bytes of Flash internal SIMM (Sector size 256K).
Configuration register is 0x2102

R-INTERNET#
R-INTERNET#show hosts
Name lookup view: Global
Default domain is netautoai.local
Name/address lookup uses static mappings

Codes: UN - unknown, EX - expired, OK - OK, ?? - revalidate
       temp - temporary, perm - permanent
       NA - Not Applicable None - Not defined

Host                      Port  Flags      Age Type   Address(es)
R-INTERNET#
R-INTERNET#show ip interface brief
Interface              IP-Address      OK? Method Status                Protocol
FastEthernet0/0        192.168.217.131 YES DHCP   up                    up      
GigabitEthernet1/0     10.0.0.1        YES NVRAM  up                    up      
GigabitEthernet2/0     unassigned      YES NVRAM  administratively down down    
R-INTERNET#
R-INTERNET#show interfaces
FastEthernet0/0 is up, line protocol is up 
  Hardware is DEC21140, address is ca01.139f.0000 (bia ca01.139f.0000)
  Description: VERS_CLOUD_INTERNET
  Internet address is 192.168.217.131/24
  MTU 1500 bytes, BW 100000 Kbit/sec, DLY 100 usec, 
     reliability 255/255, txload 1/255, rxload 1/255
  Encapsulation ARPA, loopback not set
  Keepalive set (10 sec)
  Full-duplex, 100Mb/s, 100BaseTX/FX
  ARP type: ARPA, ARP Timeout 04:00:00
  Last input 00:00:04, output 00:00:00, output hang never
  Last clearing of "show interface" counters never
  Input queue: 0/75/0/0 (size/max/drops/flushes); Total output drops: 0
  Queueing strategy: fifo
  Output queue: 0/40 (size/max)
  5 minute input rate 0 bits/sec, 0 packets/sec
  5 minute output rate 0 bits/sec, 0 packets/sec
     1710 packets input, 155602 bytes
     Received 1697 broadcasts (0 IP multicasts)
     0 runts, 0 giants, 0 throttles 
     0 input errors, 0 CRC, 0 frame, 0 overrun, 0 ignored
     0 watchdog
     0 input packets with dribble condition detected
     1021 packets output, 115330 bytes, 0 underruns
     0 output errors, 0 collisions, 1 interface resets
     0 unknown protocol drops
     0 babbles, 0 late collision, 0 deferred
     0 lost carrier, 0 no carrier
     0 output buffer failures, 0 output buffers swapped out
GigabitEthernet1/0 is up, line protocol is up 
  Hardware is 82543, address is ca01.139f.001c (bia ca01.139f.001c)
  Description: VERS_PFSENSE_WAN
  Internet address is 10.0.0.1/30
  MTU 1500 bytes, BW 1000000 Kbit/sec, DLY 10 usec, 
     reliability 255/255, txload 1/255, rxload 1/255
  Encapsulation ARPA, loopback not set
  Keepalive set (10 sec)
  Full Duplex, 1000Mbps, link type is auto, media type is SX
  output flow-control is unsupported, input flow-control is unsupported
  ARP type: ARPA, ARP Timeout 04:00:00
  Last input 00:00:00, output 00:00:00, output hang never
  Last clearing of "show interface" counters never
  Input queue: 2/75/0/0 (size/max/drops/flushes); Total output drops: 0
  Queueing strategy: fifo
  Output queue: 0/40 (size/max)
  5 minute input rate 2000 bits/sec, 4 packets/sec
  5 minute output rate 3000 bits/sec, 4 packets/sec
     16353 packets input, 902921 bytes, 0 no buffer
     Received 0 broadcasts (0 IP multicasts)
     0 runts, 0 giants, 0 throttles 
     0 input errors, 0 CRC, 0 frame, 0 overrun, 0 ignored
     0 watchdog, 0 multicast, 0 pause input
     16804 packets output, 1073768 bytes, 0 underruns
     0 output errors, 0 collisions, 1 interface resets
     0 unknown protocol drops
     0 babbles, 0 late collision, 0 deferred
     0 lost carrier, 0 no carrier, 0 pause output
     0 output buffer failures, 0 output buffers swapped out
GigabitEthernet2/0 is administratively down, line protocol is down 
  Hardware is 82543, address is ca01.139f.0038 (bia ca01.139f.0038)
  MTU 1500 bytes, BW 1000000 Kbit/sec, DLY 10 usec, 
     reliability 255/255, txload 1/255, rxload 1/255
  Encapsulation ARPA, loopback not set
  Keepalive set (10 sec)
  Full Duplex, 1000Mbps, link type is auto, media type is SX
  output flow-control is unsupported, input flow-control is unsupported
  ARP type: ARPA, ARP Timeout 04:00:00
  Last input never, output never, output hang never
  Last clearing of "show interface" counters never
  Input queue: 0/75/0/0 (size/max/drops/flushes); Total output drops: 0
  Queueing strategy: fifo
  Output queue: 0/40 (size/max)
  5 minute input rate 0 bits/sec, 0 packets/sec
  5 minute output rate 0 bits/sec, 0 packets/sec
     0 packets input, 0 bytes, 0 no buffer
     Received 0 broadcasts (0 IP multicasts)
     0 runts, 0 giants, 0 throttles 
     0 input errors, 0 CRC, 0 frame, 0 overrun, 0 ignored
     0 watchdog, 0 multicast, 0 pause input
     0 packets output, 0 bytes, 0 underruns
     0 output errors, 0 collisions, 0 interface resets
     0 unknown protocol drops
     0 babbles, 0 late collision, 0 deferred
     0 lost carrier, 0 no carrier, 0 pause output
     0 output buffer failures, 0 output buffers swapped out
R-INTERNET#
R-INTERNET#show vlan brief
                    ^
% Invalid input detected at '^' marker.

R-INTERNET#
R-INTERNET#show interfaces trunk
                            ^
% Invalid input detected at '^' marker.

R-INTERNET#
R-INTERNET#show interfaces switchport
                                 ^
% Invalid input detected at '^' marker.

R-INTERNET#
R-INTERNET#show ip interface brief
Interface              IP-Address      OK? Method Status                Protocol
FastEthernet0/0        192.168.217.131 YES DHCP   up                    up      
GigabitEthernet1/0     10.0.0.1        YES NVRAM  up                    up      
GigabitEthernet2/0     unassigned      YES NVRAM  administratively down down    
R-INTERNET#
R-INTERNET#show running-config | section ^interface Vlan
R-INTERNET#
R-INTERNET#show running-config | include ^ip routing
R-INTERNET#
R-INTERNET#show cdp neighbors detail
-------------------------
Device ID: pfSense.home.arpa
Entry address(es): 
  IP address: 192.168.99.254
Platform: FreeBSD,  Capabilities: Router Host 
Interface: GigabitEthernet1/0,  Port ID (outgoing port): em0
Holdtime : 115 sec

Version :
 FreeBSD 14.0-CURRENT FreeBSD 14.0-CURRENT amd64 1400094 #1 RELENG_2_7_2-n255948-8d2b56da39c: Wed Dec  6 20:45:47 UTC 2023     root@freebsd:/var/jenkins/workspace/pfSense-CE-snapshots-2_7_2-main/obj/amd64/StdASW5b/var/jenkins/workspace/pfSense-CE-snapshots-2_7_2-main/sources/F amd64

advertisement version: 2
Management address(es): 

R-INTERNET#
R-INTERNET#show lldp neighbors detail
                  ^
% Invalid input detected at '^' marker.

R-INTERNET#
R-INTERNET#show running-config | section ^ip access-list
R-INTERNET#
R-INTERNET#show running-config | section ^interface
interface FastEthernet0/0
 description VERS_CLOUD_INTERNET
 ip address dhcp
 duplex full
interface GigabitEthernet1/0
 description VERS_PFSENSE_WAN
 ip address 10.0.0.1 255.255.255.252
 negotiation auto
interface GigabitEthernet2/0
 no ip address
 shutdown
 negotiation auto
R-INTERNET#
R-INTERNET#exit
